MIP has 98120 rows; 86024 cols; 247304 nonzeros; 10752 integer variables (10752 binary)
Coefficient ranges:
  Matrix  [2e-01, 3e+00]
  Cost    [1e-02, 6e-02]
  Bound   [1e+00, 1e+00]
  RHS     [2e-03, 5e+00]
Presolving model
69318 rows, 73056 cols, 193384 nonzeros 0s
52365 rows, 58861 cols, 150816 nonzeros 1s
44301 rows, 48142 cols, 120709 nonzeros 2s
33855 rows, 42448 cols, 103729 nonzeros 2s
27687 rows, 37123 cols, 88832 nonzeros 4s
27630 rows, 37066 cols, 88718 nonzeros 4s
Presolve reductions: rows 27630(-70490); columns 37066(-48958); nonzeros 88718(-158586) 

Solving MIP model with:
   27630 rows
   37066 cols (3792 binary, 0 integer, 0 implied int., 33274 continuous, 0 domain fixed)
   88718 nonzeros

Src: B => Branching; C => Central rounding; F => Feasibility pump; H => Heuristic;
     I => Shifting; J => Feasibility jump; L => Sub-MIP; P => Empty MIP; R => Randomized rounding;
     S => Solve LP; T => Evaluate node; U => Unbounded; X => User solution; Y => HiGHS solution;
     Z => ZI Round; l => Trivial lower; p => Trivial point; u => Trivial upper; z => Trivial zero

        Nodes      |    B&B Tree     |            Objective Bounds              |  Dynamic Constraints |       Work      
Src  Proc. InQueue |  Leaves   Expl. | BestBound       BestSol              Gap |   Cuts   InLp Confl. | LpIters     Time

         0       0         0   0.00%   -62.26623908    inf                  inf        0      0      0         0     5.5s
         0       0         0   0.00%   71.87439329     inf                  inf        0      0      3     17913     6.6s
         0       0         0   0.00%   71.87439329     inf                  inf     3241   1018      6     19741     7.6s
         0       0         0   0.00%   71.87439329     inf                  inf     5559   1533     12     20791     9.2s
         0       0         0   0.00%   71.87439329     inf                  inf     6622   2535    130     22067    10.7s
         0       0         0   0.00%   71.87439329     inf                  inf     8532   2924    133     22791    11.8s
         0       0         0   0.00%   71.87439329     inf                  inf    10128   3095    135     23146    13.1s
         0       0         0   0.00%   71.87439329     inf                  inf    11147   3167    142     23337    14.3s
         0       0         0   0.00%   71.87439329     inf                  inf    12253   3538    149     24096    15.7s
         0       0         0   0.00%   71.87439329     inf                  inf    14051   3129    157     24525    17.1s
 L       0       0         0   0.00%   71.87439329     71.87439329        0.00%    12433   3191    160     24665    22.9s
         1       0         1 100.00%   71.87439329     71.87439329        0.00%    12433   3191    160     29334    22.9s

Solving report
  Status            Optimal
  Primal bound      71.874393287
  Dual bound        71.874393287
  Gap               0% (tolerance: 0.5%)
  P-D integral      6.6156254008e-17
  Solution status   feasible
                    71.874393287 (objective)
                    0 (bound viol.)
                    5.55111512313e-15 (int. viol.)
                    0 (row viol.)
  Timing            22.90
  Max sub-MIP depth 2
  Nodes             1
  Repair LPs        0
  LP iterations     29334
                    0 (strong br.)
                    6752 (separation)
                    4669 (heuristics)
MIP has 98120 rows; 86024 cols; 247304 nonzeros; 10752 integer variables (10752 binary)
Coefficient ranges:
  Matrix  [2e-01, 3e+00]
  Cost    [1e-02, 6e-02]
  Bound   [1e+00, 1e+00]
  RHS     [2e-03, 5e+00]
Presolving model
69345 rows, 73104 cols, 193504 nonzeros 0s
60174 rows, 60720 cols, 157163 nonzeros 1s
44578 rows, 51504 cols, 130232 nonzeros 2s
37379 rows, 43004 cols, 105640 nonzeros 3s
29484 rows, 38548 cols, 92906 nonzeros 4s
27030 rows, 36403 cols, 86941 nonzeros 5s
Presolve reductions: rows 27030(-71090); columns 36403(-49621); nonzeros 86941(-160363) 

Solving MIP model with:
   27030 rows
   36403 cols (3666 binary, 0 integer, 0 implied int., 32737 continuous, 0 domain fixed)
   86941 nonzeros

Src: B => Branching; C => Central rounding; F => Feasibility pump; H => Heuristic;
     I => Shifting; J => Feasibility jump; L => Sub-MIP; P => Empty MIP; R => Randomized rounding;
     S => Solve LP; T => Evaluate node; U => Unbounded; X => User solution; Y => HiGHS solution;
     Z => ZI Round; l => Trivial lower; p => Trivial point; u => Trivial upper; z => Trivial zero

        Nodes      |    B&B Tree     |            Objective Bounds              |  Dynamic Constraints |       Work      
Src  Proc. InQueue |  Leaves   Expl. | BestBound       BestSol              Gap |   Cuts   InLp Confl. | LpIters     Time

         0       0         0   0.00%   -57.96118389    inf                  inf        0      0      0         0     6.7s
         0       0         0   0.00%   89.5327438      inf                  inf        0      0      3     18133     7.8s
         0       0         0   0.00%   89.5595087      inf                  inf     5134   1373      7     20685     9.3s
         0       0         0   0.00%   89.5595087      inf                  inf     6569   2491     11     22339    10.6s
         0       0         0   0.00%   89.5595087      inf                  inf     8977   2911    204     23133    12.0s
         0       0         0   0.00%   89.5595087      inf                  inf    11236   3089    210     23569    13.4s
         0       0         0   0.00%   89.5595087      inf                  inf    12851   3561    217     24372    14.5s
         0       0         0   0.00%   89.5595087      inf                  inf    14320   3750    226     24781    15.6s
         0       0         0   0.00%   89.5595087      inf                  inf    12933   3109    230     25055    16.7s
 L       0       0         0   0.00%   89.5595087      89.5595087         0.00%    12933   3109    230     25055    22.5s
         1       0         1 100.00%   89.5595087      89.5595087         0.00%    12933   3109    230     29005    22.6s

Solving report
  Status            Optimal
  Primal bound      89.5595087015
  Dual bound        89.5595087015
  Gap               0% (tolerance: 0.5%)
  P-D integral      0
  Solution status   feasible
                    89.5595087015 (objective)
                    0 (bound viol.)
                    5.55111512313e-16 (int. viol.)
                    0 (row viol.)
  Timing            22.56
  Max sub-MIP depth 2
  Nodes             1
  Repair LPs        0
  LP iterations     29005
                    0 (strong br.)
                    6922 (separation)
                    3950 (heuristics)
MIP has 98120 rows; 86024 cols; 247304 nonzeros; 10752 integer variables (10752 binary)
Coefficient ranges:
  Matrix  [2e-01, 3e+00]
  Cost    [1e-02, 6e-02]
  Bound   [1e+00, 1e+00]
  RHS     [2e-03, 6e+00]
Presolving model
69417 rows, 73232 cols, 193824 nonzeros 0s
52405 rows, 58983 cols, 151054 nonzeros 1s
44302 rows, 48182 cols, 120655 nonzeros 2s
33337 rows, 42078 cols, 102532 nonzeros 3s
27526 rows, 36941 cols, 88419 nonzeros 4s
Presolve reductions: rows 27526(-70594); columns 36941(-49083); nonzeros 88419(-158885) 

Solving MIP model with:
   27526 rows
   36941 cols (3734 binary, 0 integer, 0 implied int., 33207 continuous, 0 domain fixed)
   88419 nonzeros

Src: B => Branching; C => Central rounding; F => Feasibility pump; H => Heuristic;
     I => Shifting; J => Feasibility jump; L => Sub-MIP; P => Empty MIP; R => Randomized rounding;
     S => Solve LP; T => Evaluate node; U => Unbounded; X => User solution; Y => HiGHS solution;
     Z => ZI Round; l => Trivial lower; p => Trivial point; u => Trivial upper; z => Trivial zero

        Nodes      |    B&B Tree     |            Objective Bounds              |  Dynamic Constraints |       Work      
Src  Proc. InQueue |  Leaves   Expl. | BestBound       BestSol              Gap |   Cuts   InLp Confl. | LpIters     Time

         0       0         0   0.00%   -59.41342904    inf                  inf        0      0      0         0     5.6s
         0       0         0   0.00%   93.86545122     inf                  inf        0      0      3     18697     6.7s
         0       0         0   0.00%   93.89533888     inf                  inf     5929   1626     11     21861     8.3s
         0       0         0   0.00%   93.89533888     inf                  inf     7991   3008     18     23747     9.6s
         0       0         0   0.00%   93.89533888     inf                  inf    10538   3467    205     24648    11.0s
         0       0         0   0.00%   93.89533888     inf                  inf    12691   3659    217     25143    12.1s
         0       0         0   0.00%   93.89533888     inf                  inf    14386   3758    223     25414    13.2s
         0       0         0   0.00%   93.89533888     inf                  inf    13195   4235    233     26274    14.4s
         0       0         0   0.00%   93.89533888     inf                  inf    14935   4451    236     26715    15.6s
         0       0         0   0.00%   93.89533888     inf                  inf    13708   3662    241     26987    16.8s
 L       0       0         0   0.00%   93.89533888     93.89533888        0.00%    13708   3662    241     26987    23.6s
         1       0         1 100.00%   93.89533888     93.89533888        0.00%    12412   3662    241     32072    23.6s

Solving report
  Status            Optimal
  Primal bound      93.895338881
  Dual bound        93.895338881
  Gap               0% (tolerance: 0.5%)
  P-D integral      3.33896292607e-17
  Solution status   feasible
                    93.895338881 (objective)
                    0 (bound viol.)
                    2.17603712827e-14 (int. viol.)
                    0 (row viol.)
  Timing            23.57
  Max sub-MIP depth 3
  Nodes             1
  Repair LPs        0
  LP iterations     32072
                    0 (strong br.)
                    8290 (separation)
                    5085 (heuristics)
MIP has 98120 rows; 86024 cols; 247304 nonzeros; 10752 integer variables (10752 binary)
Coefficient ranges:
  Matrix  [2e-01, 3e+00]
  Cost    [1e-02, 6e-02]
  Bound   [1e+00, 1e+00]
  RHS     [2e-03, 7e+00]
Presolving model
69489 rows, 73360 cols, 194144 nonzeros 0s
52561 rows, 59178 cols, 151617 nonzeros 1s
44611 rows, 48556 cols, 121880 nonzeros 2s
34253 rows, 42836 cols, 104935 nonzeros 3s
28404 rows, 37715 cols, 90760 nonzeros 4s
Presolve reductions: rows 28404(-69716); columns 37715(-48309); nonzeros 90760(-156544) 

Solving MIP model with:
   28404 rows
   37715 cols (3876 binary, 0 integer, 0 implied int., 33839 continuous, 0 domain fixed)
   90760 nonzeros

Src: B => Branching; C => Central rounding; F => Feasibility pump; H => Heuristic;
     I => Shifting; J => Feasibility jump; L => Sub-MIP; P => Empty MIP; R => Randomized rounding;
     S => Solve LP; T => Evaluate node; U => Unbounded; X => User solution; Y => HiGHS solution;
     Z => ZI Round; l => Trivial lower; p => Trivial point; u => Trivial upper; z => Trivial zero

        Nodes      |    B&B Tree     |            Objective Bounds              |  Dynamic Constraints |       Work      
Src  Proc. InQueue |  Leaves   Expl. | BestBound       BestSol              Gap |   Cuts   InLp Confl. | LpIters     Time

         0       0         0   0.00%   -63.98132052    inf                  inf        0      0      0         0     5.5s
         0       0         0   0.00%   74.4400341      inf                  inf        0      0      3     18778     6.7s
         0       0         0   0.00%   74.60225518     inf                  inf     3633   1050      5     20847     7.8s
         0       0         0   0.00%   74.60225518     inf                  inf     6504   1713     13     22073     9.4s
         0       0         0   0.00%   74.60549802     inf                  inf     8487   2958    181     23678    11.2s
         0       0         0   0.00%   74.60549802     inf                  inf    10975   3233    193     24156    12.5s
         0       0         0   0.00%   74.60549802     inf                  inf    12833   3354    204     24429    13.8s
         0       0         0   0.00%   74.60549802     inf                  inf    14462   3738    210     25101    15.1s
         0       0         0   0.00%   74.60549802     inf                  inf    12917   3871    214     25318    16.4s
         0       0         0   0.00%   74.60549802     inf                  inf    13973   3172    223     25521    17.8s
 L       0       0         0   0.00%   74.60549802     74.60549802        0.00%    13973   3172    223     25521    26.3s
         1       0         1 100.00%   74.60549802     74.60549802        0.00%    12396   3172    223     30272    26.4s

Solving report
  Status            Optimal
  Primal bound      74.6054980197
  Dual bound        74.6054980197
  Gap               0% (tolerance: 0.5%)
  P-D integral      0
  Solution status   feasible
                    74.6054980197 (objective)
                    0 (bound viol.)
                    5.55111512313e-16 (int. viol.)
                    0 (row viol.)
  Timing            26.39
  Max sub-MIP depth 3
  Nodes             1
  Repair LPs        0
  LP iterations     30272
                    0 (strong br.)
                    6743 (separation)
                    4751 (heuristics)
MIP has 98120 rows; 86024 cols; 247304 nonzeros; 10752 integer variables (10752 binary)
Coefficient ranges:
  Matrix  [2e-01, 3e+00]
  Cost    [1e-02, 6e-02]
  Bound   [1e+00, 1e+00]
  RHS     [4e-03, 7e+00]
Presolving model
69435 rows, 73264 cols, 193904 nonzeros 0s
52538 rows, 59079 cols, 151465 nonzeros 1s
44467 rows, 48357 cols, 121384 nonzeros 2s
34200 rows, 42686 cols, 104721 nonzeros 3s
28224 rows, 37483 cols, 90240 nonzeros 5s
Presolve reductions: rows 28224(-69896); columns 37483(-48541); nonzeros 90240(-157064) 

Solving MIP model with:
   28224 rows
   37483 cols (3874 binary, 0 integer, 0 implied int., 33609 continuous, 0 domain fixed)
   90240 nonzeros

Src: B => Branching; C => Central rounding; F => Feasibility pump; H => Heuristic;
     I => Shifting; J => Feasibility jump; L => Sub-MIP; P => Empty MIP; R => Randomized rounding;
     S => Solve LP; T => Evaluate node; U => Unbounded; X => User solution; Y => HiGHS solution;
     Z => ZI Round; l => Trivial lower; p => Trivial point; u => Trivial upper; z => Trivial zero

        Nodes      |    B&B Tree     |            Objective Bounds              |  Dynamic Constraints |       Work      
Src  Proc. InQueue |  Leaves   Expl. | BestBound       BestSol              Gap |   Cuts   InLp Confl. | LpIters     Time

         0       0         0   0.00%   -71.32619548    inf                  inf        0      0      0         0     6.1s
         0       0         0   0.00%   47.11945225     inf                  inf        0      0      4     17804     7.3s
         0       0         0   0.00%   47.13055251     inf                  inf     2793    862      8     19247     8.5s
         0       0         0   0.00%   47.1347852      inf                  inf     4063   1239     12     19876     9.6s
         0       0         0   0.00%   47.13913844     inf                  inf     5366   2067     19     20893    11.4s
         0       0         0   0.00%   47.14144379     inf                  inf     6316   2267    289     21231    12.6s
         0       0         0   0.00%   47.14144379     inf                  inf     8150   2457    298     21561    14.3s
         0       0         0   0.00%   47.14144379     inf                  inf     9506   2561    307     21766    15.9s
         0       0         0   0.00%   47.14144379     inf                  inf    10331   2672    312     21956    17.7s
         0       0         0   0.00%   47.14144379     inf                  inf    11041   2756    320     22138    19.3s
         0       0         0   0.00%   47.14144379     inf                  inf    11420   2085    329     22222    21.0s
 L       0       0         0   0.00%   47.14144379     47.14144379        0.00%    11420   2085    329     22222    25.6s
         1       0         1 100.00%   47.14144379     47.14144379        0.00%    11420   2085    329     25039    25.7s

Solving report
  Status            Optimal
  Primal bound      47.1414437859
  Dual bound        47.1414437859
  Gap               0% (tolerance: 0.5%)
  P-D integral      0
  Solution status   feasible
                    47.1414437859 (objective)
                    0 (bound viol.)
                    2.44249065418e-15 (int. viol.)
                    0 (row viol.)
  Timing            25.67
  Max sub-MIP depth 1
  Nodes             1
  Repair LPs        0
  LP iterations     25039
                    0 (strong br.)
                    4418 (separation)
                    2817 (heuristics)
MIP has 98120 rows; 86024 cols; 247304 nonzeros; 10752 integer variables (10752 binary)
Coefficient ranges:
  Matrix  [2e-01, 3e+00]
  Cost    [1e-02, 6e-02]
  Bound   [1e+00, 1e+00]
  RHS     [4e-03, 7e+00]
Presolving model
69651 rows, 73648 cols, 194864 nonzeros 0s
53558 rows, 60156 cols, 154611 nonzeros 1s
41141 rows, 48939 cols, 122685 nonzeros 2s
33550 rows, 42470 cols, 104067 nonzeros 3s
30133 rows, 39494 cols, 95852 nonzeros 4s
Presolve reductions: rows 30133(-67987); columns 39494(-46530); nonzeros 95852(-151452) 

Solving MIP model with:
   30133 rows
   39494 cols (4173 binary, 0 integer, 0 implied int., 35321 continuous, 0 domain fixed)
   95852 nonzeros

Src: B => Branching; C => Central rounding; F => Feasibility pump; H => Heuristic;
     I => Shifting; J => Feasibility jump; L => Sub-MIP; P => Empty MIP; R => Randomized rounding;
     S => Solve LP; T => Evaluate node; U => Unbounded; X => User solution; Y => HiGHS solution;
     Z => ZI Round; l => Trivial lower; p => Trivial point; u => Trivial upper; z => Trivial zero

        Nodes      |    B&B Tree     |            Objective Bounds              |  Dynamic Constraints |       Work      
Src  Proc. InQueue |  Leaves   Expl. | BestBound       BestSol              Gap |   Cuts   InLp Confl. | LpIters     Time

         0       0         0   0.00%   -86.17669955    inf                  inf        0      0      0         0     5.7s
         0       0         0   0.00%   26.24873258     inf                  inf        0      0      3     18386     7.4s
         0       0         0   0.00%   26.29007273     inf                  inf     2645    937      7     19744     9.2s
         0       0         0   0.00%   26.3045684      inf                  inf     3567   1198     11     20197    10.7s
         0       0         0   0.00%   26.3045684      inf                  inf     4098   1284     15     20409    11.8s
         0       0         0   0.00%   26.30651667     inf                  inf     4484   1853     22     21117    12.9s
         0       0         0   0.00%   26.307861       inf                  inf     5199   2013    183     21384    14.8s
         0       0         0   0.00%   26.307861       inf                  inf     5827   2098    187     21570    15.9s
         0       0         0   0.00%   26.307861       inf                  inf     6194   2137    191     21666    17.0s
         0       0         0   0.00%   26.307861       inf                  inf     6493   2157    195     21706    18.1s
         0       0         0   0.00%   26.30788447     inf                  inf     6676   2229    199     21830    19.1s
         0       0         0   0.00%   26.30788447     inf                  inf     7024   2276    202     21927    20.3s
         0       0         0   0.00%   26.30788447     inf                  inf     7202   2309    204     21991    21.4s
         0       0         0   0.00%   26.30788447     inf                  inf     7441   2334    206     22081    22.6s
         0       0         0   0.00%   26.30788447     inf                  inf     7581   2365    209     22133    23.7s
 L       0       0         0   0.00%   26.30788447     26.3079257         0.00%     7581   2365    209     22133    28.3s
         1       0         1 100.00%   26.30788447     26.3079257         0.00%     7581   2365    209     26557    28.3s

Solving report
  Status            Optimal
  Primal bound      26.307925701
  Dual bound        26.3078844724
  Gap               0.000157% (tolerance: 0.5%)
  P-D integral      9.5863929231e-08
  Solution status   feasible
                    26.307925701 (objective)
                    0 (bound viol.)
                    3.33066907388e-16 (int. viol.)
                    0 (row viol.)
  Timing            28.33
  Max sub-MIP depth 2
  Nodes             1
  Repair LPs        0
  LP iterations     26557
                    0 (strong br.)
                    3747 (separation)
                    4423 (heuristics)
MIP has 98120 rows; 86024 cols; 247304 nonzeros; 10752 integer variables (10752 binary)
Coefficient ranges:
  Matrix  [2e-01, 3e+00]
  Cost    [1e-02, 6e-02]
  Bound   [1e+00, 1e+00]
  RHS     [2e-03, 8e+00]
Presolving model
70002 rows, 74272 cols, 196424 nonzeros 0s
54721 rows, 61441 cols, 158414 nonzeros 1s
42763 rows, 50634 cols, 127631 nonzeros 2s
33905 rows, 43064 cols, 105891 nonzeros 3s
32371 rows, 41691 cols, 102268 nonzeros 4s
Presolve reductions: rows 32371(-65749); columns 41691(-44333); nonzeros 102268(-145036) 

Solving MIP model with:
   32371 rows
   41691 cols (4496 binary, 0 integer, 0 implied int., 37195 continuous, 0 domain fixed)
   102268 nonzeros

Src: B => Branching; C => Central rounding; F => Feasibility pump; H => Heuristic;
     I => Shifting; J => Feasibility jump; L => Sub-MIP; P => Empty MIP; R => Randomized rounding;
     S => Solve LP; T => Evaluate node; U => Unbounded; X => User solution; Y => HiGHS solution;
     Z => ZI Round; l => Trivial lower; p => Trivial point; u => Trivial upper; z => Trivial zero

        Nodes      |    B&B Tree     |            Objective Bounds              |  Dynamic Constraints |       Work      
Src  Proc. InQueue |  Leaves   Expl. | BestBound       BestSol              Gap |   Cuts   InLp Confl. | LpIters     Time

         0       0         0   0.00%   -94.85819006    inf                  inf        0      0      0         0     5.7s
         0       0         0   0.00%   25.44135762     inf                  inf        0      0      4     19053     7.2s
         0       0         0   0.00%   25.47161953     inf                  inf     2648    938      7     20405     9.0s
         0       0         0   0.00%   25.48386165     inf                  inf     3504   1159     12     20804    10.6s
         0       0         0   0.00%   25.48386165     inf                  inf     3990   1233     17     20954    11.8s
         0       0         0   0.00%   25.48518121     inf                  inf     4281   1734     21     21560    13.0s
         0       0         0   0.00%   25.48604031     inf                  inf     4698   1837    325     21745    14.3s
         0       0         0   0.00%   25.48604031     inf                  inf     5073   1886    328     21835    15.4s
         0       0         0   0.00%   25.48604031     inf                  inf     5386   1912    331     21901    16.6s
         0       0         0   0.00%   25.48604031     inf                  inf     5617   1927    338     21930    17.8s
         0       0         0   0.00%   25.48604031     inf                  inf     5864   2022    344     22073    19.0s
         0       0         0   0.00%   25.48604031     inf                  inf     6249   2089    344     22172    20.3s
         0       0         0   0.00%   25.48604031     inf                  inf     6505   2139    347     22246    21.5s
         0       0         0   0.00%   25.48604031     inf                  inf     6837   2170    352     22301    22.7s
         0       0         0   0.00%   25.48604031     inf                  inf     7132   2191    355     22354    24.0s
 L       0       0         0   0.00%   25.48604031     25.48604031        0.00%     7132   2191    355     22354    32.7s
         1       0         1 100.00%   25.48604031     25.48604031        0.00%     7132   2191    355     28273    32.8s

Solving report
  Status            Optimal
  Primal bound      25.4860403083
  Dual bound        25.4860403083
  Gap               0% (tolerance: 0.5%)
  P-D integral      4.93074783916e-17
  Solution status   feasible
                    25.4860403083 (objective)
                    0 (bound viol.)
                    0 (int. viol.)
                    0 (row viol.)
  Timing            32.78
  Max sub-MIP depth 4
  Nodes             1
  Repair LPs        0
  LP iterations     28273
                    0 (strong br.)
                    3301 (separation)
                    5919 (heuristics)
MIP has 98120 rows; 86024 cols; 247304 nonzeros; 10752 integer variables (10752 binary)
Coefficient ranges:
  Matrix  [2e-01, 3e+00]
  Cost    [1e-02, 6e-02]
  Bound   [1e+00, 1e+00]
  RHS     [2e-03, 9e+00]
Presolving model
70164 rows, 74560 cols, 197144 nonzeros 0s
55425 rows, 62164 cols, 160561 nonzeros 1s
43922 rows, 51825 cols, 131025 nonzeros 2s
34973 rows, 44118 cols, 109038 nonzeros 4s
33624 rows, 42921 cols, 105870 nonzeros 5s
Presolve reductions: rows 33624(-64496); columns 42921(-43103); nonzeros 105870(-141434) 

Solving MIP model with:
   33624 rows
   42921 cols (4695 binary, 0 integer, 0 implied int., 38226 continuous, 0 domain fixed)
   105870 nonzeros

Src: B => Branching; C => Central rounding; F => Feasibility pump; H => Heuristic;
     I => Shifting; J => Feasibility jump; L => Sub-MIP; P => Empty MIP; R => Randomized rounding;
     S => Solve LP; T => Evaluate node; U => Unbounded; X => User solution; Y => HiGHS solution;
     Z => ZI Round; l => Trivial lower; p => Trivial point; u => Trivial upper; z => Trivial zero

        Nodes      |    B&B Tree     |            Objective Bounds              |  Dynamic Constraints |       Work      
Src  Proc. InQueue |  Leaves   Expl. | BestBound       BestSol              Gap |   Cuts   InLp Confl. | LpIters     Time

         0       0         0   0.00%   -101.088529     inf                  inf        0      0      0         0     7.1s
         0       0         0   0.00%   10.47134802     inf                  inf        0      0      3     19010     8.5s
         0       0         0   0.00%   10.47420523     inf                  inf     2061    747      7     19997    10.3s
         0       0         0   0.00%   10.4760988      inf                  inf     2595    891     11     20224    11.9s
         0       0         0   0.00%   10.4760988      inf                  inf     2931    936     15     20309    13.1s
         0       0         0   0.00%   10.47673837     inf                  inf     3061   1363     20     20758    14.3s
         0       0         0   0.00%   10.47673837     inf                  inf     3330   1432    184     20852    16.0s
         0       0         0   0.00%   10.47673837     inf                  inf     3517   1461    187     20908    17.2s
         0       0         0   0.00%   10.47673837     inf                  inf     3759   1475    190     20934    18.4s
         0       0         0   0.00%   10.47673837     inf                  inf     3958   1548    195     21045    19.6s
         0       0         0   0.00%   10.47673837     inf                  inf     4327   1600    201     21127    20.9s
         0       0         0   0.00%   10.47673837     inf                  inf     4562   1638    204     21194    22.1s
         0       0         0   0.00%   10.47673837     inf                  inf     4781   1666    207     21237    23.3s
         0       0         0   0.00%   10.47673837     inf                  inf     5049   1687    210     21265    24.6s
         0       0         0   0.00%   10.47673837     inf                  inf     5266   1705    210     21287    25.9s
 L       0       0         0   0.00%   10.47673837     10.47674338        0.00%     5266   1705    210     21287    29.6s
         1       0         1 100.00%   10.47673837     10.47674338        0.00%     5266   1705    210     23429    29.6s

Solving report
  Status            Optimal
  Primal bound      10.4767433759
  Dual bound        10.4767383724
  Gap               4.8e-05% (tolerance: 0.5%)
  P-D integral      1.80940964954e-08
  Solution status   feasible
                    10.4767433759 (objective)
                    0 (bound viol.)
                    1.88737914186e-15 (int. viol.)
                    0 (row viol.)
  Timing            29.60
  Max sub-MIP depth 1
  Nodes             1
  Repair LPs        0
  LP iterations     23429
                    0 (strong br.)
                    2277 (separation)
                    2142 (heuristics)
MIP has 98120 rows; 86024 cols; 247304 nonzeros; 10752 integer variables (10752 binary)
Coefficient ranges:
  Matrix  [2e-01, 3e+00]
  Cost    [1e-02, 6e-02]
  Bound   [1e+00, 1e+00]
  RHS     [2e-03, 1e+01]
Presolving model
70299 rows, 74800 cols, 197744 nonzeros 0s
55796 rows, 62617 cols, 161822 nonzeros 1s
45024 rows, 52931 cols, 134148 nonzeros 2s
36006 rows, 45261 cols, 112034 nonzeros 3s
34402 rows, 43849 cols, 108240 nonzeros 4s
Presolve reductions: rows 34402(-63718); columns 43849(-42175); nonzeros 108240(-139064) 

Solving MIP model with:
   34402 rows
   43849 cols (4796 binary, 0 integer, 0 implied int., 39053 continuous, 0 domain fixed)
   108240 nonzeros

Src: B => Branching; C => Central rounding; F => Feasibility pump; H => Heuristic;
     I => Shifting; J => Feasibility jump; L => Sub-MIP; P => Empty MIP; R => Randomized rounding;
     S => Solve LP; T => Evaluate node; U => Unbounded; X => User solution; Y => HiGHS solution;
     Z => ZI Round; l => Trivial lower; p => Trivial point; u => Trivial upper; z => Trivial zero

        Nodes      |    B&B Tree     |            Objective Bounds              |  Dynamic Constraints |       Work      
Src  Proc. InQueue |  Leaves   Expl. | BestBound       BestSol              Gap |   Cuts   InLp Confl. | LpIters     Time

         0       0         0   0.00%   -101.9819385    inf                  inf        0      0      0         0     6.1s
         0       0         0   0.00%   7.078950232     inf                  inf        0      0      3     19741     7.5s
         0       0         0   0.00%   7.085628238     inf                  inf     2621    974      6     20937     9.4s
         0       0         0   0.00%   7.090419525     inf                  inf     3242   1142     10     21152    11.0s
         0       0         0   0.00%   7.090419525     inf                  inf     3539   1192     13     21261    12.2s
         0       0         0   0.00%   7.090419525     inf                  inf     3780   1712     16     21777    13.4s
         0       0         0   0.00%   7.090419525     inf                  inf     4154   1774    119     21887    14.7s
         0       0         0   0.00%   7.090419525     inf                  inf     4464   1799    125     21958    16.0s
         0       0         0   0.00%   7.090419525     inf                  inf     4791   1826    131     22014    17.2s
         0       0         0   0.00%   7.090419525     inf                  inf     5063   1846    134     22088    18.5s
         0       0         0   0.00%   7.090419525     inf                  inf     5367   1957    137     22292    20.0s
         0       0         0   0.00%   7.090419525     inf                  inf     5723   2029    140     22415    21.3s
         0       0         0   0.00%   7.090419525     inf                  inf     5979   2074    143     22504    22.7s
         0       0         0   0.00%   7.090419525     inf                  inf     6231   2102    149     22559    24.0s
         0       0         0   0.00%   7.090419525     inf                  inf     6378   2119    149     22590    25.4s
         0       0         0   0.00%   7.090419525     inf                  inf     6560   2132    149     22619    26.9s
 L       0       0         0   0.00%   7.090419525     7.090419525        0.00%     6560   2132    149     22619    32.7s
         1       0         1 100.00%   7.090419525     7.090419525        0.00%     6560   2132    149     26100    32.7s

Solving report
  Status            Optimal
  Primal bound      7.09041952535
  Dual bound        7.09041952535
  Gap               0% (tolerance: 0.5%)
  P-D integral      0
  Solution status   feasible
                    7.09041952535 (objective)
                    0 (bound viol.)
                    1.66533453694e-15 (int. viol.)
                    0 (row viol.)
  Timing            32.75
  Max sub-MIP depth 2
  Nodes             1
  Repair LPs        0
  LP iterations     26100
                    0 (strong br.)
                    2878 (separation)
                    3481 (heuristics)
MIP has 98120 rows; 86024 cols; 247304 nonzeros; 10752 integer variables (10752 binary)
Coefficient ranges:
  Matrix  [2e-01, 3e+00]
  Cost    [1e-02, 6e-02]
  Bound   [1e+00, 1e+00]
  RHS     [2e-03, 1e+01]
Presolving model
70452 rows, 75072 cols, 198424 nonzeros 0s
56118 rows, 63020 cols, 162958 nonzeros 1s
45498 rows, 53440 cols, 135619 nonzeros 2s
36754 rows, 45957 cols, 114130 nonzeros 3s
35213 rows, 44583 cols, 110486 nonzeros 4s
Presolve reductions: rows 35213(-62907); columns 44583(-41441); nonzeros 110486(-136818) 

Solving MIP model with:
   35213 rows
   44583 cols (4916 binary, 0 integer, 0 implied int., 39667 continuous, 0 domain fixed)
   110486 nonzeros

Src: B => Branching; C => Central rounding; F => Feasibility pump; H => Heuristic;
     I => Shifting; J => Feasibility jump; L => Sub-MIP; P => Empty MIP; R => Randomized rounding;
     S => Solve LP; T => Evaluate node; U => Unbounded; X => User solution; Y => HiGHS solution;
     Z => ZI Round; l => Trivial lower; p => Trivial point; u => Trivial upper; z => Trivial zero

        Nodes      |    B&B Tree     |            Objective Bounds              |  Dynamic Constraints |       Work      
Src  Proc. InQueue |  Leaves   Expl. | BestBound       BestSol              Gap |   Cuts   InLp Confl. | LpIters     Time

         0       0         0   0.00%   -103.8742483    inf                  inf        0      0      0         0     6.2s
         0       0         0   0.00%   4.333717634     inf                  inf        0      0      3     20229     7.7s
         0       0         0   0.00%   4.342867881     inf                  inf     3175   1126      6     21564     9.8s
         0       0         0   0.00%   4.345186928     inf                  inf     3925   1350     10     21888    11.6s
         0       0         0   0.00%   4.345186928     inf                  inf     4332   1426     14     22049    12.9s
         0       0         0   0.00%   4.345186928     inf                  inf     4581   2089     18     22683    14.2s
         0       0         0   0.00%   4.345186928     inf                  inf     4884   2149    273     22800    16.5s
         0       0         0   0.00%   4.345186928     inf                  inf     5152   2176    277     22873    17.7s
         0       0         0   0.00%   4.345186928     inf                  inf     5346   2325    281     23026    19.0s
         0       0         0   0.00%   4.345186928     inf                  inf     5598   2376    285     23118    20.3s
         0       0         0   0.00%   4.345186928     inf                  inf     5830   2403    286     23173    21.7s
         0       0         0   0.00%   4.345186928     inf                  inf     5982   2415    296     23198    22.9s
         0       0         0   0.00%   4.345186928     inf                  inf     6207   2423    301     23220    24.3s
         0       0         0   0.00%   4.345186928     inf                  inf     6313   2459    301     23273    25.7s
         0       0         0   0.00%   4.345186928     inf                  inf     6504   2493    301     23324    27.2s
 L       0       0         0   0.00%   4.345186928     4.345537564        0.01%     6504   2493    301     23324    32.2s
         1       0         1 100.00%   4.345186928     4.345537564        0.01%     6504   2493    301     25804    32.3s

Solving report
  Status            Optimal
  Primal bound      4.34553756396
  Dual bound        4.34518692768
  Gap               0.00807% (tolerance: 0.5%)
  P-D integral      4.35913264443e-06
  Solution status   feasible
                    4.34553756396 (objective)
                    0 (bound viol.)
                    3.99680288865e-15 (int. viol.)
                    0 (row viol.)
  Timing            32.29
  Max sub-MIP depth 1
  Nodes             1
  Repair LPs        0
  LP iterations     25804
                    0 (strong br.)
                    3095 (separation)
                    2480 (heuristics)
MIP has 98120 rows; 86024 cols; 247304 nonzeros; 10752 integer variables (10752 binary)
Coefficient ranges:
  Matrix  [2e-01, 3e+00]
  Cost    [1e-02, 6e-02]
  Bound   [1e+00, 1e+00]
  RHS     [9e-03, 1e+01]
Presolving model
70632 rows, 75392 cols, 199224 nonzeros 0s
56835 rows, 63802 cols, 165189 nonzeros 1s
46433 rows, 54464 cols, 138415 nonzeros 2s
37907 rows, 47212 cols, 117497 nonzeros 3s
36158 rows, 45652 cols, 113312 nonzeros 4s
Presolve reductions: rows 36158(-61962); columns 45652(-40372); nonzeros 113312(-133992) 

Solving MIP model with:
   36158 rows
   45652 cols (5034 binary, 0 integer, 0 implied int., 40618 continuous, 0 domain fixed)
   113312 nonzeros

Src: B => Branching; C => Central rounding; F => Feasibility pump; H => Heuristic;
     I => Shifting; J => Feasibility jump; L => Sub-MIP; P => Empty MIP; R => Randomized rounding;
     S => Solve LP; T => Evaluate node; U => Unbounded; X => User solution; Y => HiGHS solution;
     Z => ZI Round; l => Trivial lower; p => Trivial point; u => Trivial upper; z => Trivial zero

        Nodes      |    B&B Tree     |            Objective Bounds              |  Dynamic Constraints |       Work      
Src  Proc. InQueue |  Leaves   Expl. | BestBound       BestSol              Gap |   Cuts   InLp Confl. | LpIters     Time

         0       0         0   0.00%   -107.3548057    inf                  inf        0      0      0         0     5.9s
         0       0         0   0.00%   -1.910560259    inf                  inf        0      0      3     20392     7.4s
         0       0         0   0.00%   -1.910560259    inf                  inf     3210   1148      6     21712     9.4s
         0       0         0   0.00%   -1.910560259    inf                  inf     4030   1378     10     22027    11.2s
         0       0         0   0.00%   -1.910560259    inf                  inf     4436   1454     14     22181    12.6s
         0       0         0   0.00%   -1.910560259    inf                  inf     4665   2070     17     22742    13.9s
         0       0         0   0.00%   -1.910560259    inf                  inf     4998   2111    325     22833    16.5s
         0       0         0   0.00%   -1.910560259    inf                  inf     5184   2136    329     22888    17.7s
         0       0         0   0.00%   -1.910560259    inf                  inf     5318   2210    336     23009    19.0s
         0       0         0   0.00%   -1.910560259    inf                  inf     5555   2265    339     23097    20.3s
         0       0         0   0.00%   -1.910560259    inf                  inf     5687   2288    342     23141    21.6s
         0       0         0   0.00%   -1.910560259    inf                  inf     5781   2302    345     23166    23.0s
         0       0         0   0.00%   -1.910560259    inf                  inf     5946   2310    350     23178    24.3s
         0       0         0   0.00%   -1.910560259    inf                  inf     6046   2318    357     23194    25.6s
 R       0       0         0   0.00%   -1.910560259    -1.906730704       0.20%     6135   2348    357     23235    27.1s
         1       0         1 100.00%   -1.910560259    -1.906730704       0.20%     6135   2348    357     23235    27.1s

Solving report
  Status            Optimal
  Primal bound      -1.90673070387
  Dual bound        -1.91056025866
  Gap               0.201% (tolerance: 0.5%)
  P-D integral      5.89901010286e-05
  Solution status   feasible
                    -1.90673070387 (objective)
                    0 (bound viol.)
                    3.44169137634e-15 (int. viol.)
                    0 (row viol.)
  Timing            27.12
  Max sub-MIP depth 0
  Nodes             1
  Repair LPs        0
  LP iterations     23235
                    0 (strong br.)
                    2843 (separation)
                    0 (heuristics)
MIP has 98120 rows; 86024 cols; 247304 nonzeros; 10752 integer variables (10752 binary)
Coefficient ranges:
  Matrix  [2e-01, 3e+00]
  Cost    [1e-02, 6e-02]
  Bound   [1e+00, 1e+00]
  RHS     [2e-03, 1e+01]
Presolving model
70812 rows, 75712 cols, 200024 nonzeros 0s
57225 rows, 64299 cols, 166566 nonzeros 1s
47184 rows, 55262 cols, 140651 nonzeros 2s
38567 rows, 47937 cols, 119492 nonzeros 3s
37048 rows, 46597 cols, 115903 nonzeros 4s
Presolve reductions: rows 37048(-61072); columns 46597(-39427); nonzeros 115903(-131401) 

Solving MIP model with:
   37048 rows
   46597 cols (5143 binary, 0 integer, 0 implied int., 41454 continuous, 0 domain fixed)
   115903 nonzeros

Src: B => Branching; C => Central rounding; F => Feasibility pump; H => Heuristic;
     I => Shifting; J => Feasibility jump; L => Sub-MIP; P => Empty MIP; R => Randomized rounding;
     S => Solve LP; T => Evaluate node; U => Unbounded; X => User solution; Y => HiGHS solution;
     Z => ZI Round; l => Trivial lower; p => Trivial point; u => Trivial upper; z => Trivial zero

        Nodes      |    B&B Tree     |            Objective Bounds              |  Dynamic Constraints |       Work      
Src  Proc. InQueue |  Leaves   Expl. | BestBound       BestSol              Gap |   Cuts   InLp Confl. | LpIters     Time

         0       0         0   0.00%   -109.1281751    inf                  inf        0      0      0         0     6.2s
         0       0         0   0.00%   -2.607916049    inf                  inf        0      0      3     20477     7.5s
         0       0         0   0.00%   -2.607916049    inf                  inf     3153   1173      6     21816     9.6s
         0       0         0   0.00%   -2.607916049    inf                  inf     3849   1379     12     22146    11.5s
         0       0         0   0.00%   -2.607916049    inf                  inf     4283   1445     16     22288    13.0s
         0       0         0   0.00%   -2.607916049    inf                  inf     4603   2102     21     22868    14.3s
         0       0         0   0.00%   -2.607916049    inf                  inf     4952   2165    214     22978    16.6s
         0       0         0   0.00%   -2.607916049    inf                  inf     5187   2198    217     23043    17.9s
         0       0         0   0.00%   -2.607916049    inf                  inf     5456   2217    222     23078    19.2s
         0       0         0   0.00%   -2.607916049    inf                  inf     5574   2290    228     23183    20.4s
         0       0         0   0.00%   -2.607916049    inf                  inf     5779   2335    233     23271    21.7s
         0       0         0   0.00%   -2.607916049    inf                  inf     5947   2363    236     23309    23.0s
         0       0         0   0.00%   -2.607916049    inf                  inf     6093   2383    241     23343    24.3s
 R       0       0         0   0.00%   -2.607916049    -2.598350362       0.37%     6268   2395    241     23367    25.8s
         1       0         1 100.00%   -2.607916049    -2.598350362       0.37%     6268   2395    241     23367    25.8s

Solving report
  Status            Optimal
  Primal bound      -2.59835036187
  Dual bound        -2.60791604871
  Gap               0.368% (tolerance: 0.5%)
  P-D integral      9.2583215767e-05
  Solution status   feasible
                    -2.59835036187 (objective)
                    0 (bound viol.)
                    4.10782519111e-15 (int. viol.)
                    0 (row viol.)
  Timing            25.79
  Max sub-MIP depth 0
  Nodes             1
  Repair LPs        0
  LP iterations     23367
                    0 (strong br.)
                    2890 (separation)
                    0 (heuristics)
MIP has 98120 rows; 86024 cols; 247304 nonzeros; 10752 integer variables (10752 binary)
Coefficient ranges:
  Matrix  [2e-01, 3e+00]
  Cost    [1e-02, 6e-02]
  Bound   [1e+00, 1e+00]
  RHS     [2e-03, 1e+01]
Presolving model
70920 rows, 75904 cols, 200504 nonzeros 0s
57414 rows, 64544 cols, 167294 nonzeros 1s
47458 rows, 55566 cols, 141671 nonzeros 2s
39247 rows, 47965 cols, 119881 nonzeros 4s
37957 rows, 47428 cols, 118431 nonzeros 4s
Presolve reductions: rows 37957(-60163); columns 47428(-38596); nonzeros 118431(-128873) 

Solving MIP model with:
   37957 rows
   47428 cols (5286 binary, 0 integer, 0 implied int., 42142 continuous, 0 domain fixed)
   118431 nonzeros

Src: B => Branching; C => Central rounding; F => Feasibility pump; H => Heuristic;
     I => Shifting; J => Feasibility jump; L => Sub-MIP; P => Empty MIP; R => Randomized rounding;
     S => Solve LP; T => Evaluate node; U => Unbounded; X => User solution; Y => HiGHS solution;
     Z => ZI Round; l => Trivial lower; p => Trivial point; u => Trivial upper; z => Trivial zero

        Nodes      |    B&B Tree     |            Objective Bounds              |  Dynamic Constraints |       Work      
Src  Proc. InQueue |  Leaves   Expl. | BestBound       BestSol              Gap |   Cuts   InLp Confl. | LpIters     Time

         0       0         0   0.00%   -112.7606599    inf                  inf        0      0      0         0     7.1s
         0       0         0   0.00%   -0.9783937874   inf                  inf        0      0      3     21345     8.6s
         0       0         0   0.00%   -0.9783937874   inf                  inf     3172   1179      6     22661    10.8s
         0       0         0   0.00%   -0.9783937874   inf                  inf     3844   1367      9     22946    12.7s
         0       0         0   0.00%   -0.9783937874   inf                  inf     4196   1424     12     23056    14.1s
         0       0         0   0.00%   -0.9783937874   inf                  inf     4418   2065     16     23638    15.3s
         0       0         0   0.00%   -0.9783937874   inf                  inf     4685   2116    211     23738    17.2s
         0       0         0   0.00%   -0.9783937874   inf                  inf     4902   2137    216     23778    18.5s
         0       0         0   0.00%   -0.9783937874   inf                  inf     5030   2152    219     23814    19.9s
         0       0         0   0.00%   -0.9783937874   inf                  inf     5128   2248    222     23936    21.2s
         0       0         0   0.00%   -0.9783937874   inf                  inf     5314   2291    229     24008    22.6s
         0       0         0   0.00%   -0.9783937874   inf                  inf     5481   2311    234     24051    24.0s
         0       0         0   0.00%   -0.9783937874   inf                  inf     5631   2325    235     24081    25.4s
         0       0         0   0.00%   -0.9783937874   inf                  inf     5773   2333    236     24107    26.8s
         0       0         0   0.00%   -0.9783937874   inf                  inf     5867   2341    238     24123    28.3s
 L       0       0         0   0.00%   -0.9783937874   -0.9783378603      0.01%     5867   2341    238     24123    37.4s
         1       0         1 100.00%   -0.9783937874   -0.9783378603      0.01%     5867   2341    238     27210    37.4s

Solving report
  Status            Optimal
  Primal bound      -0.978337860318
  Dual bound        -0.978393787434
  Gap               0.00572% (tolerance: 0.5%)
  P-D integral      2.37221721281e-06
  Solution status   feasible
                    -0.978337860318 (objective)
                    0 (bound viol.)
                    1.99840144433e-15 (int. viol.)
                    0 (row viol.)
  Timing            37.40
  Max sub-MIP depth 2
  Nodes             1
  Repair LPs        0
  LP iterations     27210
                    0 (strong br.)
                    2778 (separation)
                    3087 (heuristics)
MIP has 98120 rows; 86024 cols; 247304 nonzeros; 10752 integer variables (10752 binary)
Coefficient ranges:
  Matrix  [2e-01, 3e+00]
  Cost    [1e-02, 6e-02]
  Bound   [1e+00, 1e+00]
  RHS     [4e-03, 1e+01]
Presolving model
71010 rows, 76064 cols, 200904 nonzeros 0s
58058 rows, 65167 cols, 169205 nonzeros 1s
48170 rows, 56228 cols, 143928 nonzeros 2s
39211 rows, 48629 cols, 121872 nonzeros 4s
39035 rows, 48429 cols, 121496 nonzeros 4s
Presolve reductions: rows 39035(-59085); columns 48429(-37595); nonzeros 121496(-125808) 

Solving MIP model with:
   39035 rows
   48429 cols (5471 binary, 0 integer, 0 implied int., 42958 continuous, 0 domain fixed)
   121496 nonzeros

Src: B => Branching; C => Central rounding; F => Feasibility pump; H => Heuristic;
     I => Shifting; J => Feasibility jump; L => Sub-MIP; P => Empty MIP; R => Randomized rounding;
     S => Solve LP; T => Evaluate node; U => Unbounded; X => User solution; Y => HiGHS solution;
     Z => ZI Round; l => Trivial lower; p => Trivial point; u => Trivial upper; z => Trivial zero

        Nodes      |    B&B Tree     |            Objective Bounds              |  Dynamic Constraints |       Work      
Src  Proc. InQueue |  Leaves   Expl. | BestBound       BestSol              Gap |   Cuts   InLp Confl. | LpIters     Time

         0       0         0   0.00%   -121.2272096    inf                  inf        0      0      0         0     6.2s
         0       0         0   0.00%   -5.73206424     inf                  inf        0      0      6     21877     7.8s
         0       0         0   0.00%   -5.73206424     inf                  inf     2206    812      9     22914     9.9s
         0       0         0   0.00%   -5.73206424     inf                  inf     2858    983     12     23202    11.8s
         0       0         0   0.00%   -5.73206424     inf                  inf     3223   1040     18     23301    13.3s
         0       0         0   0.00%   -5.73206424     inf                  inf     3398   1514     26     23759    14.5s
         0       0         0   0.00%   -5.73206424     inf                  inf     3676   1594    270     23906    16.3s
         0       0         0   0.00%   -5.73206424     inf                  inf     3962   1628    275     23978    17.6s
         0       0         0   0.00%   -5.73206424     inf                  inf     4088   1642    280     24010    18.8s
         0       0         0   0.00%   -5.73206424     inf                  inf     4226   1661    285     24050    20.1s
         0       0         0   0.00%   -5.73206424     inf                  inf     4285   1727    290     24167    21.3s
         0       0         0   0.00%   -5.73206424     inf                  inf     4500   1783    296     24246    22.6s
         0       0         0   0.00%   -5.73206424     inf                  inf     4651   1808    299     24300    24.0s
         0       0         0   0.00%   -5.73206424     inf                  inf     4792   1827    305     24331    25.3s
         0       0         0   0.00%   -5.73206424     inf                  inf     4891   1836    306     24342    26.6s
         0       0         0   0.00%   -5.73206424     inf                  inf     4996   1845    307     24357    27.9s
 L       0       0         0   0.00%   -5.73206424     -5.732062809       0.00%     4996   1845    307     24357    34.0s
         1       0         1 100.00%   -5.73206424     -5.732062809       0.00%     4996   1845    307     27642    34.0s

Solving report
  Status            Optimal
  Primal bound      -5.73206280875
  Dual bound        -5.73206424003
  Gap               2.5e-05% (tolerance: 0.5%)
  P-D integral      1.00090106902e-08
  Solution status   feasible
                    -5.73206280875 (objective)
                    0 (bound viol.)
                    1.66533453694e-15 (int. viol.)
                    0 (row viol.)
  Timing            34.03
  Max sub-MIP depth 2
  Nodes             1
  Repair LPs        0
  LP iterations     27642
                    0 (strong br.)
                    2480 (separation)
                    3285 (heuristics)
MIP has 98120 rows; 86024 cols; 247304 nonzeros; 10752 integer variables (10752 binary)
Coefficient ranges:
  Matrix  [2e-01, 3e+00]
  Cost    [1e-02, 6e-02]
  Bound   [1e+00, 1e+00]
  RHS     [4e-03, 1e+01]
Presolving model
71208 rows, 76416 cols, 201784 nonzeros 0s
58947 rows, 66077 cols, 171948 nonzeros 1s
49690 rows, 56198 cols, 143722 nonzeros 2s
40372 rows, 49817 cols, 125409 nonzeros 4s
Presolve reductions: rows 40372(-57748); columns 49817(-36207); nonzeros 125409(-121895) 

Solving MIP model with:
   40372 rows
   49817 cols (5668 binary, 0 integer, 0 implied int., 44149 continuous, 0 domain fixed)
   125409 nonzeros

Src: B => Branching; C => Central rounding; F => Feasibility pump; H => Heuristic;
     I => Shifting; J => Feasibility jump; L => Sub-MIP; P => Empty MIP; R => Randomized rounding;
     S => Solve LP; T => Evaluate node; U => Unbounded; X => User solution; Y => HiGHS solution;
     Z => ZI Round; l => Trivial lower; p => Trivial point; u => Trivial upper; z => Trivial zero

        Nodes      |    B&B Tree     |            Objective Bounds              |  Dynamic Constraints |       Work      
Src  Proc. InQueue |  Leaves   Expl. | BestBound       BestSol              Gap |   Cuts   InLp Confl. | LpIters     Time

         0       0         0   0.00%   -129.0440464    inf                  inf        0      0      0         0     7.1s
         0       0         0   0.00%   -13.09553263    inf                  inf        0      0      3     22530     8.7s
         0       0         0   0.00%   -13.09553263    inf                  inf     1945    705      7     23551    10.7s
         0       0         0   0.00%   -13.09553263    inf                  inf     2700    885     12     23881    12.6s
         0       0         0   0.00%   -13.09553263    inf                  inf     3145    941     13     24015    14.1s
         0       0         0   0.00%   -13.09553263    inf                  inf     3470   1432     18     24527    15.4s
         0       0         0   0.00%   -13.09553263    inf                  inf     3978   1571    200     24725    18.1s
         0       0         0   0.00%   -13.09553263    inf                  inf     4312   1641    204     24829    19.4s
         0       0         0   0.00%   -13.09553263    inf                  inf     4592   1675    205     24889    20.7s
         0       0         0   0.00%   -13.09553263    inf                  inf     4824   1700    206     24932    22.0s
         0       0         0   0.00%   -13.09553263    inf                  inf     5067   1715    212     24960    23.3s
         0       0         0   0.00%   -13.09553263    inf                  inf     5231   1726    215     24990    24.6s
         0       0         0   0.00%   -13.09553263    inf                  inf     5336   1737    218     25012    25.9s
         0       0         0   0.00%   -13.09553263    inf                  inf     5560   1808    221     25136    27.3s
         0       0         0   0.00%   -13.09553263    inf                  inf     5754   1863    225     25214    28.7s
 L       0       0         0   0.00%   -13.09553263    -13.09521362       0.00%     5754   1863    225     25214    35.0s
         1       0         1 100.00%   -13.09553263    -13.09521362       0.00%     5754   1863    225     28818    35.0s

Solving report
  Status            Optimal
  Primal bound      -13.0952136216
  Dual bound        -13.0955326322
  Gap               0.00244% (tolerance: 0.5%)
  P-D integral      1.01424741756e-06
  Solution status   feasible
                    -13.0952136216 (objective)
                    0 (bound viol.)
                    1.66533453694e-15 (int. viol.)
                    0 (row viol.)
  Timing            35.03
  Max sub-MIP depth 2
  Nodes             1
  Repair LPs        0
  LP iterations     28818
                    0 (strong br.)
                    2684 (separation)
                    3604 (heuristics)
MIP has 98120 rows; 86024 cols; 247304 nonzeros; 10752 integer variables (10752 binary)
Coefficient ranges:
  Matrix  [2e-01, 3e+00]
  Cost    [1e-02, 6e-02]
  Bound   [1e+00, 1e+00]
  RHS     [2e-03, 1e+01]
Presolving model
71388 rows, 76736 cols, 202584 nonzeros 0s
59200 rows, 66464 cols, 172966 nonzeros 1s
47452 rows, 56013 cols, 143013 nonzeros 3s
41393 rows, 50812 cols, 128287 nonzeros 5s
Presolve reductions: rows 41393(-56727); columns 50812(-35212); nonzeros 128287(-119017) 

Solving MIP model with:
   41393 rows
   50812 cols (5807 binary, 0 integer, 0 implied int., 45005 continuous, 0 domain fixed)
   128287 nonzeros

Src: B => Branching; C => Central rounding; F => Feasibility pump; H => Heuristic;
     I => Shifting; J => Feasibility jump; L => Sub-MIP; P => Empty MIP; R => Randomized rounding;
     S => Solve LP; T => Evaluate node; U => Unbounded; X => User solution; Y => HiGHS solution;
     Z => ZI Round; l => Trivial lower; p => Trivial point; u => Trivial upper; z => Trivial zero

        Nodes      |    B&B Tree     |            Objective Bounds              |  Dynamic Constraints |       Work      
Src  Proc. InQueue |  Leaves   Expl. | BestBound       BestSol              Gap |   Cuts   InLp Confl. | LpIters     Time

         0       0         0   0.00%   -133.3328934    inf                  inf        0      0      0         0     7.4s
         0       0         0   0.00%   -14.8802779     inf                  inf        0      0      3     23206     9.2s
         0       0         0   0.00%   -14.8802779     inf                  inf     2422    887      6     24410    11.8s
         0       0         0   0.00%   -14.8802779     inf                  inf     3264   1076     11     24794    13.9s
         0       0         0   0.00%   -14.8802779     inf                  inf     3827   1154     16     24963    15.5s
         0       0         0   0.00%   -14.8802779     inf                  inf     4139   1727     20     25522    16.8s
         0       0         0   0.00%   -14.8802779     inf                  inf     4658   1869    202     25748    20.1s
         0       0         0   0.00%   -14.8802779     inf                  inf     5099   1943    206     25868    21.5s
         0       0         0   0.00%   -14.8802779     inf                  inf     5461   1976    208     25929    22.9s
         0       0         0   0.00%   -14.8802779     inf                  inf     5717   1996    212     25958    24.3s
         0       0         0   0.00%   -14.8802779     inf                  inf     5962   2072    216     26104    25.7s
         0       0         0   0.00%   -14.8802779     inf                  inf     6281   2122    219     26171    27.2s
         0       0         0   0.00%   -14.8802779     inf                  inf     6472   2144    223     26213    28.6s
         0       0         0   0.00%   -14.8802779     inf                  inf     6705   2166    227     26255    30.0s
         0       0         0   0.00%   -14.8802779     inf                  inf     6861   2186    232     26283    31.5s
         0       0         0   0.00%   -14.8802779     inf                  inf     7013   2202    240     26321    33.0s
 L       0       0         0   0.00%   -14.8802779     -14.87998278       0.00%     7013   2202    240     26321    38.1s
         1       0         1 100.00%   -14.8802779     -14.87998278       0.00%     7013   2202    240     28883    38.2s

Solving report
  Status            Optimal
  Primal bound      -14.8799827756
  Dual bound        -14.8802779041
  Gap               0.00198% (tolerance: 0.5%)
  P-D integral      8.68299477862e-07
  Solution status   feasible
                    -14.8799827756 (objective)
                    0 (bound viol.)
                    2.55351295664e-15 (int. viol.)
                    0 (row viol.)
  Timing            38.17
  Max sub-MIP depth 1
  Nodes             1
  Repair LPs        0
  LP iterations     28883
                    0 (strong br.)
                    3115 (separation)
                    2562 (heuristics)
MIP has 98120 rows; 86024 cols; 247304 nonzeros; 10752 integer variables (10752 binary)
Coefficient ranges:
  Matrix  [2e-01, 3e+00]
  Cost    [1e-02, 6e-02]
  Bound   [1e+00, 1e+00]
  RHS     [2e-03, 1e+01]
Presolving model
71523 rows, 76976 cols, 203184 nonzeros 0s
59576 rows, 66313 cols, 173766 nonzeros 1s
48233 rows, 56858 cols, 145352 nonzeros 2s
42283 rows, 51752 cols, 130902 nonzeros 4s
Presolve reductions: rows 42283(-55837); columns 51752(-34272); nonzeros 130902(-116402) 

Solving MIP model with:
   42283 rows
   51752 cols (5939 binary, 0 integer, 0 implied int., 45813 continuous, 0 domain fixed)
   130902 nonzeros

Src: B => Branching; C => Central rounding; F => Feasibility pump; H => Heuristic;
     I => Shifting; J => Feasibility jump; L => Sub-MIP; P => Empty MIP; R => Randomized rounding;
     S => Solve LP; T => Evaluate node; U => Unbounded; X => User solution; Y => HiGHS solution;
     Z => ZI Round; l => Trivial lower; p => Trivial point; u => Trivial upper; z => Trivial zero

        Nodes      |    B&B Tree     |            Objective Bounds              |  Dynamic Constraints |       Work      
Src  Proc. InQueue |  Leaves   Expl. | BestBound       BestSol              Gap |   Cuts   InLp Confl. | LpIters     Time

         0       0         0   0.00%   -142.5309065    inf                  inf        0      0      0         0     6.3s
         0       0         0   0.00%   -23.73198074    inf                  inf        0      0      4     22997     8.0s
         0       0         0   0.00%   -23.73198074    inf                  inf     2175    770      8     24059     9.9s
         0       0         0   0.00%   -23.73198074    inf                  inf     2812    928     15     24357    11.7s
         0       0         0   0.00%   -23.73198074    inf                  inf     3245   1010     22     24516    13.3s
         0       0         0   0.00%   -23.73198074    inf                  inf     3508   1475     25     24991    14.6s
         0       0         0   0.00%   -23.73198074    inf                  inf     3895   1573    272     25168    16.8s
         0       0         0   0.00%   -23.73198074    inf                  inf     4221   1614    275     25255    18.1s
         0       0         0   0.00%   -23.73198074    inf                  inf     4439   1637    279     25332    19.4s
         0       0         0   0.00%   -23.73198074    inf                  inf     4640   1660    280     25373    20.7s
         0       0         0   0.00%   -23.73198074    inf                  inf     4868   1740    284     25527    22.0s
         0       0         0   0.00%   -23.73198074    inf                  inf     5102   1808    286     25640    23.3s
         0       0         0   0.00%   -23.73198074    inf                  inf     5318   1848    289     25712    24.7s
         0       0         0   0.00%   -23.73198074    inf                  inf     5478   1870    295     25747    26.1s
         0       0         0   0.00%   -23.73198074    inf                  inf     5610   1881    299     25784    27.5s
         0       0         0   0.00%   -23.73198074    inf                  inf     5703   1888    302     25801    28.8s
 L       0       0         0   0.00%   -23.73198074    -23.73161695       0.00%     5703   1888    302     25801    35.8s
         1       0         1 100.00%   -23.73198074    -23.73161695       0.00%     5703   1888    302     29237    35.9s

Solving report
  Status            Optimal
  Primal bound      -23.7316169492
  Dual bound        -23.7319807402
  Gap               0.00153% (tolerance: 0.5%)
  P-D integral      6.50181772973e-07
  Solution status   feasible
                    -23.7316169492 (objective)
                    0 (bound viol.)
                    1.55431223448e-14 (int. viol.)
                    0 (row viol.)
  Timing            35.88
  Max sub-MIP depth 2
  Nodes             1
  Repair LPs        0
  LP iterations     29237
                    0 (strong br.)
                    2804 (separation)
                    3436 (heuristics)
MIP has 98120 rows; 86024 cols; 247304 nonzeros; 10752 integer variables (10752 binary)
Coefficient ranges:
  Matrix  [2e-01, 3e+00]
  Cost    [1e-02, 6e-02]
  Bound   [1e+00, 1e+00]
  RHS     [2e-03, 1e+01]
Presolving model
71622 rows, 77152 cols, 203624 nonzeros 0s
59628 rows, 66466 cols, 174090 nonzeros 1s
48662 rows, 57329 cols, 146615 nonzeros 3s
42615 rows, 52145 cols, 131912 nonzeros 5s
Presolve reductions: rows 42615(-55505); columns 52145(-33879); nonzeros 131912(-115392) 

Solving MIP model with:
   42615 rows
   52145 cols (5967 binary, 0 integer, 0 implied int., 46178 continuous, 0 domain fixed)
   131912 nonzeros

Src: B => Branching; C => Central rounding; F => Feasibility pump; H => Heuristic;
     I => Shifting; J => Feasibility jump; L => Sub-MIP; P => Empty MIP; R => Randomized rounding;
     S => Solve LP; T => Evaluate node; U => Unbounded; X => User solution; Y => HiGHS solution;
     Z => ZI Round; l => Trivial lower; p => Trivial point; u => Trivial upper; z => Trivial zero

        Nodes      |    B&B Tree     |            Objective Bounds              |  Dynamic Constraints |       Work      
Src  Proc. InQueue |  Leaves   Expl. | BestBound       BestSol              Gap |   Cuts   InLp Confl. | LpIters     Time

         0       0         0   0.00%   -139.8304598    inf                  inf        0      0      0         0     7.7s
         0       0         0   0.00%   -20.5760197     inf                  inf        0      0      3     23289     9.5s
         0       0         0   0.00%   -20.5760197     inf                  inf     2405    857      6     24366    11.8s
         0       0         0   0.00%   -20.5760197     inf                  inf     2996   1003      9     24626    13.8s
         0       0         0   0.00%   -20.5760197     inf                  inf     3260   1053     13     24732    15.3s
         0       0         0   0.00%   -20.5760197     inf                  inf     3442   1549     16     25187    16.6s
         0       0         0   0.00%   -20.5760197     inf                  inf     3769   1614    268     25299    19.0s
         0       0         0   0.00%   -20.5760197     inf                  inf     4102   1648    269     25354    20.6s
         0       0         0   0.00%   -20.5760197     inf                  inf     4302   1670    271     25399    22.0s
         0       0         0   0.00%   -20.5760197     inf                  inf     4452   1750    272     25549    23.6s
         0       0         0   0.00%   -20.5760197     inf                  inf     4648   1809    275     25640    25.1s
 R       0       0         0   0.00%   -20.5760197     -20.57588865       0.00%     4859   1839    275     25689    26.7s
         1       0         1 100.00%   -20.5760197     -20.57588865       0.00%     4859   1839    275     25689    26.7s

Solving report
  Status            Optimal
  Primal bound      -20.5758886538
  Dual bound        -20.5760197041
  Gap               0.000637% (tolerance: 0.5%)
  P-D integral      2.09672088594e-07
  Solution status   feasible
                    -20.5758886538 (objective)
                    0 (bound viol.)
                    1.7763568394e-15 (int. viol.)
                    0 (row viol.)
  Timing            26.73
  Max sub-MIP depth 0
  Nodes             1
  Repair LPs        0
  LP iterations     25689
                    0 (strong br.)
                    2400 (separation)
                    0 (heuristics)
MIP has 98120 rows; 86024 cols; 247304 nonzeros; 10752 integer variables (10752 binary)
Coefficient ranges:
  Matrix  [2e-01, 3e+00]
  Cost    [1e-02, 6e-02]
  Bound   [1e+00, 1e+00]
  RHS     [4e-03, 1e+01]
Presolving model
71757 rows, 77392 cols, 204224 nonzeros 0s
60083 rows, 64760 cols, 168902 nonzeros 2s
49035 rows, 56721 cols, 145003 nonzeros 3s
43398 rows, 52931 cols, 134190 nonzeros 4s
Presolve reductions: rows 43398(-54722); columns 52931(-33093); nonzeros 134190(-113114) 

Solving MIP model with:
   43398 rows
   52931 cols (6081 binary, 0 integer, 0 implied int., 46850 continuous, 0 domain fixed)
   134190 nonzeros

Src: B => Branching; C => Central rounding; F => Feasibility pump; H => Heuristic;
     I => Shifting; J => Feasibility jump; L => Sub-MIP; P => Empty MIP; R => Randomized rounding;
     S => Solve LP; T => Evaluate node; U => Unbounded; X => User solution; Y => HiGHS solution;
     Z => ZI Round; l => Trivial lower; p => Trivial point; u => Trivial upper; z => Trivial zero

        Nodes      |    B&B Tree     |            Objective Bounds              |  Dynamic Constraints |       Work      
Src  Proc. InQueue |  Leaves   Expl. | BestBound       BestSol              Gap |   Cuts   InLp Confl. | LpIters     Time

         0       0         0   0.00%   -143.8796035    inf                  inf        0      0      0         0     6.9s
         0       0         0   0.00%   -22.59074428    inf                  inf        0      0      3     23692     8.7s
         0       0         0   0.00%   -22.59074428    inf                  inf     2244    780      6     24695    10.9s
         0       0         0   0.00%   -22.59074428    inf                  inf     2843    916      9     24925    12.8s
         0       0         0   0.00%   -22.59074428    inf                  inf     3162   1436     14     25441    14.5s
         0       0         0   0.00%   -22.59074428    inf                  inf     3502   1515     19     25582    16.0s
         0       0         0   0.00%   -22.59074428    inf                  inf     3820   1567    207     25710    19.8s
         0       0         0   0.00%   -22.59074428    inf                  inf     4075   1595    210     25793    21.2s
         0       0         0   0.00%   -22.59074428    inf                  inf     4226   1619    213     25831    22.6s
         0       0         0   0.00%   -22.59074428    inf                  inf     4399   1716    216     25992    24.0s
         0       0         0   0.00%   -22.59074428    inf                  inf     4614   1779    218     26088    25.5s
         0       0         0   0.00%   -22.59074428    inf                  inf     4795   1818    219     26145    26.9s
         0       0         0   0.00%   -22.59074428    inf                  inf     4959   1842    223     26191    28.4s
         0       0         0   0.00%   -22.59074428    inf                  inf     5074   1855    223     26214    30.0s
         0       0         0   0.00%   -22.59074428    inf                  inf     5153   1859    227     26223    31.4s
 L       0       0         0   0.00%   -22.59074428    -22.59070257       0.00%     5153   1859    227     26223    38.8s
         1       0         1 100.00%   -22.59074428    -22.59070257       0.00%     5153   1859    227     29887    38.9s

Solving report
  Status            Optimal
  Primal bound      -22.5907025683
  Dual bound        -22.5907442769
  Gap               0.000185% (tolerance: 0.5%)
  P-D integral      9.28690855522e-08
  Solution status   feasible
                    -22.5907025683 (objective)
                    0 (bound viol.)
                    4.66293670343e-15 (int. viol.)
                    0 (row viol.)
  Timing            38.86
  Max sub-MIP depth 2
  Nodes             1
  Repair LPs        0
  LP iterations     29887
                    0 (strong br.)
                    2531 (separation)
                    3664 (heuristics)
MIP has 98120 rows; 86024 cols; 247304 nonzeros; 10752 integer variables (10752 binary)
Coefficient ranges:
  Matrix  [2e-01, 3e+00]
  Cost    [1e-02, 6e-02]
  Bound   [1e+00, 1e+00]
  RHS     [4e-03, 1e+01]
Presolving model
71919 rows, 77680 cols, 204944 nonzeros 0s
60468 rows, 65326 cols, 170643 nonzeros 2s
48267 rows, 57220 cols, 146438 nonzeros 3s
44726 rows, 54166 cols, 137889 nonzeros 4s
Presolve reductions: rows 44726(-53394); columns 54166(-31858); nonzeros 137889(-109415) 

Solving MIP model with:
   44726 rows
   54166 cols (6287 binary, 0 integer, 0 implied int., 47879 continuous, 0 domain fixed)
   137889 nonzeros

Src: B => Branching; C => Central rounding; F => Feasibility pump; H => Heuristic;
     I => Shifting; J => Feasibility jump; L => Sub-MIP; P => Empty MIP; R => Randomized rounding;
     S => Solve LP; T => Evaluate node; U => Unbounded; X => User solution; Y => HiGHS solution;
     Z => ZI Round; l => Trivial lower; p => Trivial point; u => Trivial upper; z => Trivial zero

        Nodes      |    B&B Tree     |            Objective Bounds              |  Dynamic Constraints |       Work      
Src  Proc. InQueue |  Leaves   Expl. | BestBound       BestSol              Gap |   Cuts   InLp Confl. | LpIters     Time

         0       0         0   0.00%   -157.3498378    inf                  inf        0      0      0         0     6.4s
         0       0         0   0.00%   -34.04452578    inf                  inf        0      0      3     23700     8.1s
         0       0         0   0.00%   -34.04452578    inf                  inf     1829    634      6     24590    10.1s
         0       0         0   0.00%   -34.04452578    inf                  inf     2413    762      9     24848    11.9s
         0       0         0   0.00%   -34.04452578    inf                  inf     2767   1225     12     25342    13.4s
         0       0         0   0.00%   -34.04452578    inf                  inf     3142   1342     15     25529    14.6s
         0       0         0   0.00%   -34.04452578    inf                  inf     3429   1402    188     25603    17.0s
         0       0         0   0.00%   -34.04452578    inf                  inf     3730   1434    191     25662    18.2s
         0       0         0   0.00%   -34.04452578    inf                  inf     3984   1538    194     25853    19.5s
         0       0         0   0.00%   -34.04452578    inf                  inf     4281   1609    199     25955    20.9s
         0       0         0   0.00%   -34.04452578    inf                  inf     4561   1643    204     25987    22.2s
         0       0         0   0.00%   -34.04452578    inf                  inf     4762   1656    204     26003    23.8s
         0       0         0   0.00%   -34.04452578    inf                  inf     4866   1687    207     26042    25.2s
         0       0         0   0.00%   -34.04452578    inf                  inf     5030   1719    210     26097    26.7s
         0       0         0   0.00%   -34.04452578    inf                  inf     5209   1741    213     26125    28.1s
 L       0       0         0   0.00%   -34.04452578    -34.04388484       0.00%     5209   1741    213     26125    32.9s
         1       0         1 100.00%   -34.04452578    -34.04388484       0.00%     5209   1741    213     28441    32.9s

Solving report
  Status            Optimal
  Primal bound      -34.0438848423
  Dual bound        -34.0445257752
  Gap               0.00188% (tolerance: 0.5%)
  P-D integral      8.2224157714e-07
  Solution status   feasible
                    -34.0438848423 (objective)
                    0 (bound viol.)
                    5.55111512313e-15 (int. viol.)
                    0 (row viol.)
  Timing            32.93
  Max sub-MIP depth 1
  Nodes             1
  Repair LPs        0
  LP iterations     28441
                    0 (strong br.)
                    2425 (separation)
                    2316 (heuristics)
MIP has 98120 rows; 86024 cols; 247304 nonzeros; 10752 integer variables (10752 binary)
Coefficient ranges:
  Matrix  [2e-01, 3e+00]
  Cost    [1e-02, 6e-02]
  Bound   [1e+00, 1e+00]
  RHS     [2e-03, 1e+01]
Presolving model
71991 rows, 77808 cols, 205264 nonzeros 0s
60782 rows, 65743 cols, 171684 nonzeros 2s
48585 rows, 57612 cols, 147472 nonzeros 4s
45217 rows, 54704 cols, 139342 nonzeros 5s
Presolve reductions: rows 45217(-52903); columns 54704(-31320); nonzeros 139342(-107962) 

Solving MIP model with:
   45217 rows
   54704 cols (6359 binary, 0 integer, 0 implied int., 48345 continuous, 0 domain fixed)
   139342 nonzeros

Src: B => Branching; C => Central rounding; F => Feasibility pump; H => Heuristic;
     I => Shifting; J => Feasibility jump; L => Sub-MIP; P => Empty MIP; R => Randomized rounding;
     S => Solve LP; T => Evaluate node; U => Unbounded; X => User solution; Y => HiGHS solution;
     Z => ZI Round; l => Trivial lower; p => Trivial point; u => Trivial upper; z => Trivial zero

        Nodes      |    B&B Tree     |            Objective Bounds              |  Dynamic Constraints |       Work      
Src  Proc. InQueue |  Leaves   Expl. | BestBound       BestSol              Gap |   Cuts   InLp Confl. | LpIters     Time

         0       0         0   0.00%   -157.6787983    inf                  inf        0      0      0         0     7.6s
         0       0         0   0.00%   -35.96111057    inf                  inf        0      0      3     24157     9.2s
         0       0         0   0.00%   -35.96111057    inf                  inf     1779    604      5     25057    11.2s
         0       0         0   0.00%   -35.96111057    inf                  inf     2373    723     11     25295    12.9s
         0       0         0   0.00%   -35.96111057    inf                  inf     2675    776     16     25392    14.4s
         0       0         0   0.00%   -35.96111057    inf                  inf     2935   1267     19     25935    15.7s
         0       0         0   0.00%   -35.96111057    inf                  inf     3327   1383    254     26122    18.1s
         0       0         0   0.00%   -35.96111057    inf                  inf     3710   1436    256     26209    19.4s
         0       0         0   0.00%   -35.96111057    inf                  inf     3991   1465    259     26256    20.7s
         0       0         0   0.00%   -35.96111057    inf                  inf     4138   1557    262     26422    22.2s
         0       0         0   0.00%   -35.96111057    inf                  inf     4425   1612    262     26503    23.8s
         0       0         0   0.00%   -35.96111057    inf                  inf     4591   1639    268     26555    25.3s
         0       0         0   0.00%   -35.96111057    inf                  inf     4795   1655    273     26582    26.7s
         0       0         0   0.00%   -35.96111057    inf                  inf     4881   1662    278     26593    28.2s
         0       0         0   0.00%   -35.96111057    inf                  inf     4961   1668    278     26606    29.8s
         0       0         0   0.00%   -35.96111057    inf                  inf     5025   1692    278     26644    31.5s
 L       0       0         0   0.00%   -35.96111057    -35.96048318       0.00%     5025   1692    278     26644    41.3s
         1       0         1 100.00%   -35.96111057    -35.96048318       0.00%     5025   1692    278     30177    41.4s

Solving report
  Status            Optimal
  Primal bound      -35.9604831761
  Dual bound        -35.9611105664
  Gap               0.00174% (tolerance: 0.5%)
  P-D integral      8.34972691044e-07
  Solution status   feasible
                    -35.9604831761 (objective)
                    0 (bound viol.)
                    8.881784197e-16 (int. viol.)
                    0 (row viol.)
  Timing            41.38
  Max sub-MIP depth 2
  Nodes             1
  Repair LPs        0
  LP iterations     30177
                    0 (strong br.)
                    2487 (separation)
                    3533 (heuristics)
MIP has 98120 rows; 86024 cols; 247304 nonzeros; 10752 integer variables (10752 binary)
Coefficient ranges:
  Matrix  [2e-01, 3e+00]
  Cost    [1e-02, 6e-02]
  Bound   [1e+00, 1e+00]
  RHS     [2e-03, 1e+01]
Presolving model
72072 rows, 77952 cols, 205624 nonzeros 0s
60931 rows, 65941 cols, 172347 nonzeros 2s
49180 rows, 58143 cols, 149077 nonzeros 4s
45516 rows, 54990 cols, 140196 nonzeros 6s
Presolve reductions: rows 45516(-52604); columns 54990(-31034); nonzeros 140196(-107108) 

Solving MIP model with:
   45516 rows
   54990 cols (6391 binary, 0 integer, 0 implied int., 48599 continuous, 0 domain fixed)
   140196 nonzeros

Src: B => Branching; C => Central rounding; F => Feasibility pump; H => Heuristic;
     I => Shifting; J => Feasibility jump; L => Sub-MIP; P => Empty MIP; R => Randomized rounding;
     S => Solve LP; T => Evaluate node; U => Unbounded; X => User solution; Y => HiGHS solution;
     Z => ZI Round; l => Trivial lower; p => Trivial point; u => Trivial upper; z => Trivial zero

        Nodes      |    B&B Tree     |            Objective Bounds              |  Dynamic Constraints |       Work      
Src  Proc. InQueue |  Leaves   Expl. | BestBound       BestSol              Gap |   Cuts   InLp Confl. | LpIters     Time

         0       0         0   0.00%   -153.8912401    inf                  inf        0      0      0         0     8.3s
         0       0         0   0.00%   -32.16729587    inf                  inf        0      0      3     24132    10.1s
         0       0         0   0.00%   -32.16729587    inf                  inf     1804    603      9     25081    12.0s
         0       0         0   0.00%   -32.16729587    inf                  inf     2396    723     15     25310    13.8s
         0       0         0   0.00%   -32.16729587    inf                  inf     2692    763     21     25376    15.6s
         0       0         0   0.00%   -32.16729587    inf                  inf     2895   1246     27     25870    16.9s
         0       0         0   0.00%   -32.16729587    inf                  inf     3242   1344    322     26027    19.7s
         0       0         0   0.00%   -32.16729587    inf                  inf     3523   1394    326     26114    21.1s
         0       0         0   0.00%   -32.16729587    inf                  inf     3785   1430    332     26167    22.4s
         0       0         0   0.00%   -32.16729587    inf                  inf     4060   1518    335     26322    23.9s
         0       0         0   0.00%   -32.16729587    inf                  inf     4367   1583    338     26436    25.4s
         0       0         0   0.00%   -32.16729587    inf                  inf     4627   1633    340     26504    26.9s
         0       0         0   0.00%   -32.16729587    inf                  inf     4820   1656    342     26552    28.3s
         0       0         0   0.00%   -32.16729587    inf                  inf     5024   1680    342     26607    30.0s
         0       0         0   0.00%   -32.16729587    inf                  inf     5157   1690    342     26630    31.7s
         0       0         0   0.00%   -32.16729587    inf                  inf     5308   1725    342     26677    33.4s
 L       0       0         0   0.00%   -32.16729587    -32.16729587       0.00%     5308   1725    342     26677    40.0s
         1       0         1 100.00%   -32.16729587    -32.16729587       0.00%     5308   1725    342     30052    40.1s

Solving report
  Status            Optimal
  Primal bound      -32.1672958676
  Dual bound        -32.1672958676
  Gap               0% (tolerance: 0.5%)
  P-D integral      0
  Solution status   feasible
                    -32.1672958676 (objective)
                    0 (bound viol.)
                    8.881784197e-16 (int. viol.)
                    0 (row viol.)
  Timing            40.07
  Max sub-MIP depth 2
  Nodes             1
  Repair LPs        0
  LP iterations     30052
                    0 (strong br.)
                    2545 (separation)
                    3375 (heuristics)
MIP has 98120 rows; 86024 cols; 247304 nonzeros; 10752 integer variables (10752 binary)
Coefficient ranges:
  Matrix  [2e-01, 3e+00]
  Cost    [1e-02, 6e-02]
  Bound   [1e+00, 1e+00]
  RHS     [2e-03, 1e+01]
Presolving model
72162 rows, 78112 cols, 206024 nonzeros 0s
57721 rows, 65473 cols, 170538 nonzeros 2s
47643 rows, 56961 cols, 145558 nonzeros 4s
46035 rows, 55546 cols, 141739 nonzeros 5s
Presolve reductions: rows 46035(-52085); columns 55546(-30478); nonzeros 141739(-105565) 

Solving MIP model with:
   46035 rows
   55546 cols (6463 binary, 0 integer, 0 implied int., 49083 continuous, 0 domain fixed)
   141739 nonzeros

Src: B => Branching; C => Central rounding; F => Feasibility pump; H => Heuristic;
     I => Shifting; J => Feasibility jump; L => Sub-MIP; P => Empty MIP; R => Randomized rounding;
     S => Solve LP; T => Evaluate node; U => Unbounded; X => User solution; Y => HiGHS solution;
     Z => ZI Round; l => Trivial lower; p => Trivial point; u => Trivial upper; z => Trivial zero

        Nodes      |    B&B Tree     |            Objective Bounds              |  Dynamic Constraints |       Work      
Src  Proc. InQueue |  Leaves   Expl. | BestBound       BestSol              Gap |   Cuts   InLp Confl. | LpIters     Time

         0       0         0   0.00%   -155.8054549    inf                  inf        0      0      0         0     8.0s
         0       0         0   0.00%   -32.01706503    inf                  inf        0      0      4     24378     9.7s
         0       0         0   0.00%   -32.01706503    inf                  inf     1853    656      6     25318    11.9s
         0       0         0   0.00%   -32.01706503    inf                  inf     2513    810     12     25605    13.9s
         0       0         0   0.00%   -32.01706503    inf                  inf     2821    869     14     25708    15.8s
         0       0         0   0.00%   -32.01706503    inf                  inf     3030   1309     20     26192    17.2s
         0       0         0   0.00%   -32.01706503    inf                  inf     3516   1412    230     26363    21.6s
         0       0         0   0.00%   -32.01706503    inf                  inf     3855   1464    235     26443    23.1s
         0       0         0   0.00%   -32.01706503    inf                  inf     4190   1499    239     26517    24.6s
         0       0         0   0.00%   -32.01706503    inf                  inf     4364   1602    240     26679    26.2s
         0       0         0   0.00%   -32.01706503    inf                  inf     4681   1657    241     26764    27.7s
         0       0         0   0.00%   -32.01706503    inf                  inf     4894   1690    242     26808    29.3s
         0       0         0   0.00%   -32.01706503    inf                  inf     5144   1713    243     26842    30.8s
         0       0         0   0.00%   -32.01706503    inf                  inf     5340   1729    247     26871    32.4s
         0       0         0   0.00%   -32.01706503    inf                  inf     5481   1738    251     26889    33.9s
         0       0         0   0.00%   -32.01706503    inf                  inf     5601   1744    252     26910    35.5s
 L       0       0         0   0.00%   -32.01706503    -32.01702715       0.00%     5601   1744    252     26910    43.4s
         1       0         1 100.00%   -32.01706503    -32.01702715       0.00%     5601   1744    252     30482    43.4s

Solving report
  Status            Optimal
  Primal bound      -32.0170271537
  Dual bound        -32.0170650312
  Gap               0.000118% (tolerance: 0.5%)
  P-D integral      7.20257376879e-08
  Solution status   feasible
                    -32.0170271537 (objective)
                    0 (bound viol.)
                    4.4408920985e-15 (int. viol.)
                    0 (row viol.)
  Timing            43.41
  Max sub-MIP depth 2
  Nodes             1
  Repair LPs        0
  LP iterations     30482
                    0 (strong br.)
                    2532 (separation)
                    3572 (heuristics)
MIP has 98120 rows; 86024 cols; 247304 nonzeros; 10752 integer variables (10752 binary)
Coefficient ranges:
  Matrix  [2e-01, 3e+00]
  Cost    [1e-02, 6e-02]
  Bound   [1e+00, 1e+00]
  RHS     [2e-03, 1e+01]
Presolving model
72099 rows, 78000 cols, 205744 nonzeros 0s
57484 rows, 65167 cols, 169779 nonzeros 2s
47374 rows, 56622 cols, 144709 nonzeros 4s
45693 rows, 55144 cols, 140702 nonzeros 5s
Presolve reductions: rows 45693(-52427); columns 55144(-30880); nonzeros 140702(-106602) 

Solving MIP model with:
   45693 rows
   55144 cols (6415 binary, 0 integer, 0 implied int., 48729 continuous, 0 domain fixed)
   140702 nonzeros

Src: B => Branching; C => Central rounding; F => Feasibility pump; H => Heuristic;
     I => Shifting; J => Feasibility jump; L => Sub-MIP; P => Empty MIP; R => Randomized rounding;
     S => Solve LP; T => Evaluate node; U => Unbounded; X => User solution; Y => HiGHS solution;
     Z => ZI Round; l => Trivial lower; p => Trivial point; u => Trivial upper; z => Trivial zero

        Nodes      |    B&B Tree     |            Objective Bounds              |  Dynamic Constraints |       Work      
Src  Proc. InQueue |  Leaves   Expl. | BestBound       BestSol              Gap |   Cuts   InLp Confl. | LpIters     Time

         0       0         0   0.00%   -151.3531154    inf                  inf        0      0      0         0     7.3s
         0       0         0   0.00%   -28.82075722    inf                  inf        0      0      3     24674     9.1s
         0       0         0   0.00%   -28.82075722    inf                  inf     1734    593      7     25522    11.5s
         0       0         0   0.00%   -28.82075722    inf                  inf     2367    742     12     25836    13.3s
         0       0         0   0.00%   -28.82075722    inf                  inf     2726    802     16     25972    15.1s
         0       0         0   0.00%   -28.82075722    inf                  inf     2989   1213     20     26479    16.6s
         0       0         0   0.00%   -28.82075722    inf                  inf     3387   1327    188     26660    19.8s
         0       0         0   0.00%   -28.82075722    inf                  inf     3676   1376    190     26728    21.1s
         0       0         0   0.00%   -28.82075722    inf                  inf     3848   1397    195     26769    22.5s
         0       0         0   0.00%   -28.82075722    inf                  inf     4060   1498    200     26928    23.9s
         0       0         0   0.00%   -28.82075722    inf                  inf     4389   1579    205     27032    25.4s
         0       0         0   0.00%   -28.82075722    inf                  inf     4616   1625    209     27089    26.9s
         0       0         0   0.00%   -28.82075722    inf                  inf     4928   1655    212     27138    28.4s
         0       0         0   0.00%   -28.82075722    inf                  inf     5159   1675    214     27178    29.9s
         0       0         0   0.00%   -28.82075722    inf                  inf     5314   1692    215     27212    31.4s
         0       0         0   0.00%   -28.82075722    inf                  inf     5443   1702    216     27232    33.0s
 L       0       0         0   0.00%   -28.82075722    -28.82075722       0.00%     5443   1702    216     27232    41.0s
         1       0         1 100.00%   -28.82075722    -28.82075722       0.00%     5443   1702    216     31201    41.0s

Solving report
  Status            Optimal
  Primal bound      -28.8207572175
  Dual bound        -28.8207572175
  Gap               0% (tolerance: 0.5%)
  P-D integral      1.44420303416e-17
  Solution status   feasible
                    -28.8207572175 (objective)
                    0 (bound viol.)
                    1.55431223448e-15 (int. viol.)
                    0 (row viol.)
  Timing            41.03
  Max sub-MIP depth 2
  Nodes             1
  Repair LPs        0
  LP iterations     31201
                    0 (strong br.)
                    2558 (separation)
                    3969 (heuristics)
MIP has 98128 rows; 86024 cols; 247312 nonzeros; 10752 integer variables (10752 binary)
Coefficient ranges:
  Matrix  [2e-01, 3e+00]
  Cost    [1e-02, 6e-02]
  Bound   [1e+00, 1e+00]
  RHS     [2e-03, 1e+01]
Presolving model
72486 rows, 78688 cols, 207464 nonzeros 0s
58972 rows, 66855 cols, 174481 nonzeros 2s
49023 rows, 58397 cols, 149967 nonzeros 4s
Presolve reductions: rows 49023(-49105); columns 58397(-27627); nonzeros 149967(-97345) 

Solving MIP model with:
   49023 rows
   58397 cols (6902 binary, 0 integer, 0 implied int., 51495 continuous, 0 domain fixed)
   149967 nonzeros

Src: B => Branching; C => Central rounding; F => Feasibility pump; H => Heuristic;
     I => Shifting; J => Feasibility jump; L => Sub-MIP; P => Empty MIP; R => Randomized rounding;
     S => Solve LP; T => Evaluate node; U => Unbounded; X => User solution; Y => HiGHS solution;
     Z => ZI Round; l => Trivial lower; p => Trivial point; u => Trivial upper; z => Trivial zero

        Nodes      |    B&B Tree     |            Objective Bounds              |  Dynamic Constraints |       Work      
Src  Proc. InQueue |  Leaves   Expl. | BestBound       BestSol              Gap |   Cuts   InLp Confl. | LpIters     Time

         0       0         0   0.00%   -161.7301288    inf                  inf        0      0      0         0     7.3s
         0       0         0   0.00%   -21.92862336    inf                  inf        0      0      2     26699     9.2s
         0       0         0   0.00%   -21.92862336    inf                  inf     1830    644      5     27744    11.8s
         0       0         0   0.00%   -21.92862336    inf                  inf     2457    804     10     28043    14.2s
         0       0         0   0.00%   -21.92862336    inf                  inf     2871    855     15     28168    16.4s
         0       0         0   0.00%   -21.92862336    inf                  inf     3119   1264     20     28671    18.1s
         0       0         0   0.00%   -21.92862336    inf                  inf     3570   1401    206     28892    21.8s
         0       0         0   0.00%   -21.92862336    inf                  inf     3913   1447    210     28975    23.6s
         0       0         0   0.00%   -21.92862336    inf                  inf     4106   1473    216     29031    25.4s
         0       0         0   0.00%   -21.92862336    inf                  inf     4265   1567    218     29209    27.1s
         0       0         0   0.00%   -21.92862336    inf                  inf     4498   1626    223     29283    29.0s
         0       0         0   0.00%   -21.92862336    inf                  inf     4667   1659    232     29336    30.9s
         0       0         0   0.00%   -21.92862336    inf                  inf     4932   1679    232     29374    33.0s
         0       0         0   0.00%   -21.92862336    inf                  inf     5038   1692    235     29402    34.9s
         0       0         0   0.00%   -21.92862336    inf                  inf     5178   1702    238     29431    36.7s
         0       0         0   0.00%   -21.92862336    inf                  inf     5299   1716    241     29455    38.6s
 L       0       0         0   0.00%   -21.92862336    -21.92843459       0.00%     5299   1716    241     29455    43.1s
         1       0         1 100.00%   -21.92862336    -21.92843459       0.00%     5299   1716    241     32078    43.1s

Solving report
  Status            Optimal
  Primal bound      -21.9284345933
  Dual bound        -21.9286233553
  Gap               0.000861% (tolerance: 0.5%)
  P-D integral      3.95236282255e-07
  Solution status   feasible
                    -21.9284345933 (objective)
                    0 (bound viol.)
                    4.32986979604e-15 (int. viol.)
                    0 (row viol.)
  Timing            43.14
  Max sub-MIP depth 1
  Nodes             1
  Repair LPs        0
  LP iterations     32078
                    0 (strong br.)
                    2756 (separation)
                    2623 (heuristics)
