MIP has 172040 rows; 172040 cols; 408584 nonzeros; 43008 integer variables (43008 binary)
Coefficient ranges:
  Matrix  [2e-01, 1e+01]
  Cost    [1e-02, 7e-02]
  Bound   [1e+00, 1e+00]
  RHS     [6e-05, 1e+01]
WARNING: Problem has some excessively small row bounds
Presolving model
129024 rows, 159160 cols, 352688 nonzeros  0s
129024 rows, 159160 cols, 352688 nonzeros  1s
Presolve reductions: rows 129024(-43016); columns 159160(-12880); nonzeros 352688(-55896) 

Solving MIP model with:
   129024 rows
   159160 cols (43008 binary, 0 integer, 0 implied int., 116152 continuous, 0 domain fixed)
   352688 nonzeros

Src: B => Branching; C => Central rounding; F => Feasibility pump; H => Heuristic;
     I => Shifting; J => Feasibility jump; L => Sub-MIP; P => Empty MIP; R => Randomized rounding;
     S => Solve LP; T => Evaluate node; U => Unbounded; X => User solution; Y => HiGHS solution;
     Z => ZI Round; l => Trivial lower; p => Trivial point; u => Trivial upper; z => Trivial zero

        Nodes      |    B&B Tree     |            Objective Bounds              |  Dynamic Constraints |       Work      
Src  Proc. InQueue |  Leaves   Expl. | BestBound       BestSol              Gap |   Cuts   InLp Confl. | LpIters     Time

         0       0         0   0.00%   -4329.847222    inf                  inf        0      0      0         0     5.3s
         0       0         0   0.00%   480.3513068     inf                  inf        0      0      6    128771    19.2s
         0       0         0   0.00%   480.3513068     inf                  inf    61008  18323      6    148945    33.5s
         0       0         0   0.00%   480.3513068     inf                  inf    31636  24826      6    156434    39.3s
         0       0         0   0.00%   480.3513068     inf                  inf    32012  24940      6    156549    44.3s
         0       0         0   0.00%   480.3513068     inf                  inf    32092  25450      6    157069    50.0s
         0       0         0   0.00%   480.3513068     inf                  inf    32253  25502    235    157112   141.1s
